2026-05-10 20:16:23,535 | INFO     | Starting KUERA AI v3.1
======================================================================
2026-05-10 20:16:23,540 | INFO     | ======================================================================
  KUERA Unified Desktop v3.1
2026-05-10 20:16:23,543 | INFO     |   KUERA Unified Desktop v3.1
  Architecture: Modular | Config: YAML | Logs: Unified
2026-05-10 20:16:23,545 | INFO     |   Architecture: Modular | Config: YAML | Logs: Unified
======================================================================
2026-05-10 20:16:23,547 | INFO     | ======================================================================

2026-05-10 20:16:23,549 | INFO     | 
  Control Panel: http://localhost:7777
2026-05-10 20:16:23,551 | INFO     |   Control Panel: http://localhost:7777
  Working Dir  : D:\workspace\ai_core\AI-Project
2026-05-10 20:16:23,552 | INFO     |   Working Dir  : D:\workspace\ai_core\AI-Project

2026-05-10 20:16:23,552 | INFO     | 
  Services available:
2026-05-10 20:16:23,552 | INFO     |   Services available:
    • Kuera Production API (port 8000)
2026-05-10 20:16:23,552 | INFO     |     • Kuera Production API (port 8000)
    • Kuera Real API (port 8001)
2026-05-10 20:16:23,553 | INFO     |     • Kuera Real API (port 8001)
    • Kuera Web Server v2 (port 5000)
2026-05-10 20:16:23,553 | INFO     |     • Kuera Web Server v2 (port 5000)
    • Kuera Streamlit Dashboard (port 8501)
2026-05-10 20:16:23,553 | INFO     |     • Kuera Streamlit Dashboard (port 8501)
    • Kuera Admin Panel (port 5001)
2026-05-10 20:16:23,554 | INFO     |     • Kuera Admin Panel (port 5001)
    • Kuera Evolution Engine (no port)
2026-05-10 20:16:23,554 | INFO     |     • Kuera Evolution Engine (no port)
    • KueraClaw Multi-Model CLI (no port)
2026-05-10 20:16:23,554 | INFO     |     • KueraClaw Multi-Model CLI (no port)

2026-05-10 20:16:23,554 | INFO     | 
  Press Ctrl+C to stop all services and exit.
2026-05-10 20:16:23,554 | INFO     |   Press Ctrl+C to stop all services and exit.
======================================================================
2026-05-10 20:16:23,555 | INFO     | ======================================================================
 * Serving Flask app 'src.web.dashboard'
 * Debug mode: off
